[DATA_POINT]
1="tcp_connect"
2="tcp_connection_count"
3="ssl_session_new"
4="mic_recv"
5="HTTP_200"
6="tcp_shutdown"
[END_TRANSACTION]
1="https://petstore.octoperf.com/"
2="https://petstore.octoperf.com/css/jpetstore.css"
3="petstore.octoperf.com_vuser_init_17"
4="vuser_init_Transaction"
5="https://petstore.octoperf.com/actions/Catalog.action"
6="https://petstore.octoperf.com/images/logo-topbar.gif"
7="https://petstore.octoperf.com/images/sm_dogs.gif"
8="https://petstore.octoperf.com/images/sm_fish.gif"
9="https://petstore.octoperf.com/images/separator.gif"
10="https://petstore.octoperf.com/images/sm_reptiles.gif"
11="https://petstore.octoperf.com/images/sm_cats.gif"
12="https://petstore.octoperf.com/images/cart.gif"
13="https://petstore.octoperf.com/images/sm_birds.gif"
14="https://petstore.octoperf.com/images/fish_icon.gif"
15="https://petstore.octoperf.com/images/dogs_icon.gif"
16="https://petstore.octoperf.com/images/cats_icon.gif"
17="https://petstore.octoperf.com/images/reptiles_icon.gif"
18="https://petstore.octoperf.com/images/birds_icon.gif"
19="https://petstore.octoperf.com/images/splash.gif"
20="Catalog.action_Action_25"
21="https://update.googleapis.com/service/update2/json?cup2key=13:SZKjVHVgvq4d2UjI6vGcowjfeGWVpdBOVklh4dhgcWA&cup2hreq=b1dffae4d38003074ff6317581926aa7d048b05c965a7683526b45e7d90660da"
22="json_Action_36"
23="https://update.googleapis.com/service/update2/json"
24="json_2_Action_69"
25="https://petstore.octoperf.com/actions/Catalog.action;jsessionid=A77FC51ED08989B717A18DE9E98C4056"
26="https://petstore.octoperf.com/images/fish2.gif"
27="https://petstore.octoperf.com/images/fish1.gif"
28="Catalog.action;jsessionid_Action_93"
29="https://petstore.octoperf.com/actions/Catalog.action?viewProduct=&productId=FI-FW-02"
30="Fresh_Water_fish_from_Ch_Action_111"
31="https://petstore.octoperf.com/actions/Cart.action?addItemToCart=&workingItemId=EST-20"
32="Add_to_Cart_Action_120"
33="https://petstore.octoperf.com/actions/Order.action?newOrderForm="
34="Proceed_to_Checkout_Action_130"
35="Action_Transaction"
36="vuser_end_Transaction"
